src/assets/logo_b64.ts(1,29): error TS1005: ',' expected.
src/assets/logo_b64.ts(1,35): error TS1005: ',' expected.
